I'm sorry, but errors were detected in your script. Please correct the
errors listed below, and try again.


File "game/script.rpy", line 50: end of line expected.
    show pa_normal at xalign 0.7
                             ^

Ren'Py Version: Ren'Py 8.2.3.24061702
Sun Nov 17 12:54:26 2024
